[22:59:02] Starting the cascade update process...
[22:59:02] Base template file loaded successfully.
[22:59:02] Scanning for system folders in: C:\Users\adrian\OneDrive\Documents\.www\VisuDir
[22:59:02] Found system: 'Cyprus'
[22:59:02] Found system: 'GameGuides'
[22:59:02] Found system: 'Poland'
[22:59:02] --- Processing system: 'Cyprus' ---
[22:59:02] File '.db-secure.txt' is not UTF-8, attempting to read as UTF-16.
[22:59:02] BŁĄD: Nie znaleziono znaczników dla klucza 'cfg'. Pomijam podmianę.
[22:59:02] BŁĄD: Nie znaleziono znaczników dla klucza 'db'. Pomijam podmianę.
[22:59:02] No language files found, generating default index.html.
[22:59:02] Backup created: index-bck.html
[22:59:02] File saved: C:\Users\adrian\OneDrive\Documents\.www\VisuDir\Cyprus\index.html
[22:59:02] --- Processing system: 'GameGuides' ---
[22:59:02] CRITICAL ERROR while processing system 'GameGuides': [WinError 3] System nie może odnaleźć określonej ścieżki: 'C:\\Users\\adrian\\OneDrive\\Documents\\.www\\VisuDir\\GameGuides\\ade-base-system\\.tools'
[22:59:02] --- Processing system: 'Poland' ---
[22:59:02] BŁĄD: Nie znaleziono znaczników dla klucza 'cfg'. Pomijam podmianę.
[22:59:02] BŁĄD: Nie znaleziono znaczników dla klucza 'db'. Pomijam podmianę.
[22:59:02] No language files found, generating default index.html.
[22:59:02] Backup created: index-bck.html
[22:59:02] File saved: C:\Users\adrian\OneDrive\Documents\.www\VisuDir\Poland\index.html
[22:59:02] --- Update process finished. ---
[23:27:53] Starting the cascade update process...
[23:27:53] Base template file loaded successfully.
[23:27:53] Scanning for system folders in: C:\Users\adrian\OneDrive\Documents\.www\VisuDir
[23:27:53] Found system: 'Cyprus'
[23:27:53] Found system: 'GameGuides'
[23:27:53] Found system: 'Poland'
[23:27:53] --- Processing system: 'Cyprus' ---
[23:27:53] File '.db-secure.txt' is not UTF-8, attempting to read as UTF-16.
[23:27:53] BŁĄD: Nie znaleziono znaczników dla klucza 'cfg'. Pomijam podmianę.
[23:27:53] BŁĄD: Nie znaleziono znaczników dla klucza 'db'. Pomijam podmianę.
[23:27:53] No language files found, generating default index.html.
[23:27:53] Backup created: index-bck.html
[23:27:53] File saved: C:\Users\adrian\OneDrive\Documents\.www\VisuDir\Cyprus\index.html
[23:27:53] --- Processing system: 'GameGuides' ---
[23:27:53] CRITICAL ERROR while processing system 'GameGuides': [WinError 3] System nie może odnaleźć określonej ścieżki: 'C:\\Users\\adrian\\OneDrive\\Documents\\.www\\VisuDir\\GameGuides\\ade-base-system\\.tools'
[23:27:53] --- Processing system: 'Poland' ---
[23:27:53] BŁĄD: Nie znaleziono znaczników dla klucza 'cfg'. Pomijam podmianę.
[23:27:53] BŁĄD: Nie znaleziono znaczników dla klucza 'db'. Pomijam podmianę.
[23:27:53] No language files found, generating default index.html.
[23:27:53] Backup created: index-bck.html
[23:27:53] File saved: C:\Users\adrian\OneDrive\Documents\.www\VisuDir\Poland\index.html
[23:27:53] --- Update process finished. ---
